Error type 5 at Line 6: the type of the operands at both sides of assignment operator should match.
