Error type 1 at Line 5: variable is used without a definition.
Error type 7 at Line 5: unmantching operands,such as adding an integer to a structure variable
