adding argument
adding argument to map
start defFun
param and return total size
2
start check return
3
0
check return
prim
0
0
stmtList childNum
0
stack size
0
in def var
checking value
0x55b483612420
prim
0
0
visit invoke fun
Error type 2 at Line 8: function should be invoked with a definition.
in def var
checking value
0x55b483613a50
start defFun
param and return total size
1
start check return
3
0
check return
prim
0
0
stmtList childNum
0
stack size
0
