adding argument
adding argument to map
adding argument to map
start defFun
param and return total size
3
start check return
7
0
push two stmt
2
7
0
push two stmt
3
1
4
stack push CompSt
2
1
4
stack push CompSt
1
1
4
stack push CompSt
0
stmtList childNum
0
stack size
3
3
0
check return
prim
0
0
0
stmtList childNum
0
stack size
2
3
0
check return
prim
0
0
0
stmtList childNum
0
stack size
1
3
0
check return
prim
0
0
0
stmtList childNum
0
stack size
0
adding argument
adding argument to map
adding argument to map
adding argument to map
in def var
checking value
0x55b9e5adf510
prim
0
0
visit invoke fun
setting exp type
2
prim
0
0
prim
0
0
The invoke fun is end.
visit invoke fun
Error type 11 at Line 16: non-function variable could not apply function invocation.
start defFun
param and return total size
4
start check return
7
0
push two stmt
2
1
4
stack push CompSt
1
1
4
stack push CompSt
0
stmtList childNum
0
stack size
2
3
0
check return
prim
0
0
0
stmtList childNum
0
stack size
1
3
0
check return
0
stmtList childNum
0
stack size
0
