Error type 14 at Line 10: accessing an undefined structure member.
Error type 5 at Line 10: the type of the operands at both sides of assignment operator should match.
Error type 14 at Line 12: accessing an undefined structure member.
Error type 5 at Line 12: the type of the operands at both sides of assignment operator should match.
