Error type 1 at Line 11: variable is used without a definition.
Error type 7 at Line 11: unmantching operands,such as adding an integer to a structure variable
