adding argument
adding argument to map
adding argument to map
in def var
checking value
0x55ee90bdb100
prim
0
0
cheking rvalue
Error type 6 at Line 6: rvalue appears on the left-hand side of the assignment operator.
prim
0
0
cheking rvalue
prim
0
0
start defFun
param and return total size
3
start check return
7
0
push two stmt
1
4
stack push CompSt
1
4
stack push CompSt
stmtList childNum
2
3
0
check return
prim
0
0
stmtList childNum
0
stack size
2
2
3
stmtList childNum
0
stack size
1
2
3
stmtList childNum
0
stack size
0
