in def var
varb map:
var map end
in def var
varb map:
name
0
var map end
def struct
start field list.
generate field list.
non-empty structure
get field list from node
0x5606976b13c0
0x5606976aeba0
0x5606976aea70
0x5606976ae810
success get name from declist
name
prim/array type list node
Generate a prim type
get field list from node
0x5606976b1290
0x5606976b0ce0
0x5606976b0bb0
0x5606976b0950
0x5606976b0490
success get name from declist
friends
prim/array type list node
Generate a array
int
creat prim arr
4
10
rec gen arr
complete gen arr
0x5606976b1b30
add a field list
field list size
2
0x5606976b19b0
def complete, then cal hash
cal field list hash
cal field list hash
cal array hash
0x5606976b1b30
foo1
638128756
struct def complete
struct map:
name:
Child
Child
struct:
name
prim
0
friends
array

struct map end.
in def var
varb map:
friends
array
name
0
var map end
in def var
varb map:
friends
array
id
0
name
0
var map end
def struct
Error type 15 at Line 6: the structure should not be redfined.
struct def complete
struct map:
name:
Child
Child
struct:
name
prim
0
friends
array

struct map end.
in def var
varb map:
age
0
friends
array
id
0
name
0
var map end
start defFun
param and return total size
1
start check return
3
0
check return
prim
0
0
0
stmtList childNum
0
stack size
0
