Error type 16 at Line 1: the structure should be defined first.
Error type 2 at Line 8: function should be invoked with a definition.
Error type 5 at Line 9: the type of the operands at both sides of assignment operator should match.
