adding argument
adding argument to map
adding argument to map
start defFun
param and return total size
3
start check return
7
0
push two stmt
2
7
0
push two stmt
3
1
4
stack push CompSt
2
1
4
stack push CompSt
1
1
4
stack push CompSt
0
stmtList childNum
0
stack size
3
3
0
check return
prim
0
0
0
stmtList childNum
0
stack size
2
3
0
check return
prim
0
0
0
stmtList childNum
0
stack size
1
3
0
check return
prim
0
0
0
stmtList childNum
0
stack size
0
adding argument
adding argument to map
adding argument to map
start defFun
param and return total size
3
start check return
5
0
1
1
4
stack push CompSt
0
stmtList childNum
2
5
0
1
1
4
stack push CompSt
0
stmtList childNum
2
3
0
check return
prim
1
1
0
stmtList childNum
0
stack size
2
3
0
check return
prim
1
1
0
stmtList childNum
0
stack size
1
3
0
check return
prim
1
1
0
stmtList childNum
0
stack size
0
adding argument
adding argument to map
adding argument to map
adding argument to map
visit invoke fun
setting exp type
2
prim
0
0
prim
0
0
The invoke fun is end.
visit invoke fun
setting exp type
2
prim
0
0
prim
0
0
The invoke fun is end.
start defFun
param and return total size
4
start check return
7
0
push two stmt
2
1
4
stack push CompSt
1
1
4
stack push CompSt
0
stmtList childNum
0
stack size
2
3
0
check return
prim
0
0
0
stmtList childNum
0
stack size
1
3
0
check return
prim
0
1
Error type 8 at Line 21: function return type and the declared type mismatch.
0
stmtList childNum
0
stack size
0
