adding argument
adding argument to map
adding argument to map
start defFun
param and return total size
3
start check return
7
0
push two stmt
7
0
push two stmt
1
4
stack push CompSt
1
4
stack push CompSt
1
4
stack push CompSt
stmtList childNum
0
stack size
3
3
0
check return
prim
0
0
stmtList childNum
0
stack size
2
3
0
check return
prim
0
0
stmtList childNum
0
stack size
1
3
0
check return
prim
0
0
stmtList childNum
0
stack size
0
in def var
checking value
0x55bb0813eba0
prim
1
1
in def var
checking value
0x55bb0813fbe0
prim
1
1
in def var
checking value
0x55bb081409c0
prim
1
1
visit invoke fun
setting exp type
2
prim
1
0
not match
Error type 9 at Line 12: the type or num of the function argument and the declared parameter mismatch.
start defFun
param and return total size
1
start check return
3
0
check return
prim
0
0
stmtList childNum
0
stack size
0
