Error type 8 at Line 3: function return type and the declared type mismatch.
Error type 7 at Line 8: unmantching operands,such as adding an integer to a structure variable
