Error type 4 at Line 7: function should only be defined once.
