Program (1)
  ExtDefList (1)
    ExtDef (1)
      Specifier (1)
        TYPE: int
      FunDec (1)
        ID: main
        LP
        RP
      CompSt (1)
        LC
        DefList (2)
          Def (2)
            Specifier (2)
              TYPE: int
            DecList (2)
              Dec (2)
                VarDec (2)
                  ID: N
                ASSIGN
                Exp (2)
                  INT: 30
            SEMI
          DefList (3)
            Def (3)
              Specifier (3)
                TYPE: int
              DecList (3)
                Dec (3)
                  VarDec (3)
                    ID: num
                  ASSIGN
                  Exp (3)
                    INT: 0
                COMMA
                DecList (3)
                  Dec (3)
                    VarDec (3)
                      ID: i
                    ASSIGN
                    Exp (3)
                      INT: 1
                  COMMA
                  DecList (3)
                    Dec (3)
                      VarDec (3)
                        ID: k
                      ASSIGN
                      Exp (3)
                        INT: 1
              SEMI
        StmtList (4)
          Stmt (4)
            WHILE
            LP
            Exp (4)
              Exp (4)
                ID: k
              LE
              Exp (4)
                ID: N
            RP
            Stmt (4)
              CompSt (4)
                LC
                StmtList (5)
                  Stmt (5)
                    WHILE
                    LP
                    Exp (5)
                      Exp (5)
                        ID: i
                      LE
                      Exp (5)
                        ID: k
                    RP
                    Stmt (5)
                      CompSt (5)
                        LC
                        StmtList (6)
                          Stmt (6)
                            IF
                            LP
                            Exp (6)
                              Exp (6)
                                ID: k
                              EQ
                              Exp (6)
                                LP
                                Exp (6)
                                  Exp (6)
                                    Exp (6)
                                      ID: k
                                    DIV
                                    Exp (6)
                                      ID: i
                                  MUL
                                  Exp (6)
                                    ID: i
                                RP
                            RP
                            Stmt (7)
                              Exp (7)
                                Exp (7)
                                  ID: num
                                ASSIGN
                                Exp (7)
                                  Exp (7)
                                    ID: num
                                  PLUS
                                  Exp (7)
                                    INT: 1
                              SEMI
                          StmtList (8)
                            Stmt (8)
                              Exp (8)
                                Exp (8)
                                  ID: i
                                ASSIGN
                                Exp (8)
                                  Exp (8)
                                    ID: i
                                  PLUS
                                  Exp (8)
                                    INT: 1
                              SEMI
                        RC
                  StmtList (10)
                    Stmt (10)
                      IF
                      LP
                      Exp (10)
                        Exp (10)
                          ID: num
                        EQ
                        Exp (10)
                          INT: 2
                      RP
                      Stmt (11)
                        Exp (11)
                          ID: write
                          LP
                          Args (11)
                            Exp (11)
                              ID: k
                          RP
                        SEMI
                    StmtList (12)
                      Stmt (12)
                        Exp (12)
                          Exp (12)
                            ID: i
                          ASSIGN
                          Exp (12)
                            INT: 1
                        SEMI
                      StmtList (13)
                        Stmt (13)
                          Exp (13)
                            Exp (13)
                              ID: num
                            ASSIGN
                            Exp (13)
                              INT: 0
                          SEMI
                        StmtList (14)
                          Stmt (14)
                            Exp (14)
                              Exp (14)
                                ID: k
                              ASSIGN
                              Exp (14)
                                Exp (14)
                                  ID: k
                                PLUS
                                Exp (14)
                                  INT: 1
                            SEMI
                RC
          StmtList (16)
            Stmt (16)
              RETURN
              Exp (16)
                INT: 0
              SEMI
        RC
Program
ExtDefList
ExtDef
FunDec
FUNCTION main :
ComSt
DefList
Def
DecList
Dec
Exp
const
INT
0
t1 := #30
v1 := t1
DefList
Def
DecList
Dec
Exp
const
INT
0
t2 := #0
