Error type 11 at Line 23: non-function variable could not apply function invocation.
