Error type 8 at Line 17: function return type and the declared type mismatch.
