Error type 2 at Line 10: function should be invoked with a definition.
Error type 7 at Line 10: unmantching operands,such as adding an integer to a structure variable
Program (1)
  ExtDefList (1)
    ExtDef (1)
      Specifier (1)
        TYPE: int
      FunDec (1)
        ID: mod
        LP
        VarList (1)
          ParamDec (1)
            Specifier (1)
              TYPE: int
            VarDec (1)
              ID: x
          COMMA
          VarList (1)
            ParamDec (1)
              Specifier (1)
                TYPE: int
              VarDec (1)
                ID: n
        RP
      CompSt (2)
        LC
        StmtList (3)
          Stmt (3)
            RETURN
            Exp (3)
              Exp (3)
                ID: x
              MINUS
              Exp (3)
                Exp (3)
                  LP
                  Exp (3)
                    Exp (3)
                      ID: x
                    DIV
                    Exp (3)
                      ID: n
                  RP
                MUL
                Exp (3)
                  ID: n
            SEMI
        RC
    ExtDefList (6)
      ExtDef (6)
        Specifier (6)
          TYPE: int
        FunDec (6)
          ID: DigitSum
          LP
          VarList (6)
            ParamDec (6)
              Specifier (6)
                TYPE: int
              VarDec (6)
                ID: y
          RP
        CompSt (7)
          LC
          StmtList (8)
            Stmt (8)
              IF
              LP
              Exp (8)
                Exp (8)
                  ID: y
                EQ
                Exp (8)
                  INT: 0
              RP
              Stmt (9)
                RETURN
                Exp (9)
                  INT: 0
                SEMI
            StmtList (10)
              Stmt (10)
                RETURN
                Exp (10)
                  Exp (10)
                    ID: mod
                    LP
                    Args (10)
                      Exp (10)
                        ID: y
                      COMMA
                      Args (10)
                        Exp (10)
                          INT: 10
                    RP
                  PLUS
                  Exp (10)
                    ID: DigitSum
                    LP
                    Args (10)
                      Exp (10)
                        Exp (10)
                          ID: y
                        DIV
                        Exp (10)
                          INT: 10
                    RP
                SEMI
          RC
      ExtDefList (13)
        ExtDef (13)
          Specifier (13)
            TYPE: int
          FunDec (13)
            ID: main
            LP
            RP
          CompSt (14)
            LC
            DefList (15)
              Def (15)
                Specifier (15)
                  TYPE: int
                DecList (15)
                  Dec (15)
                    VarDec (15)
                      ID: num
                SEMI
            StmtList (16)
              Stmt (16)
                Exp (16)
                  Exp (16)
                    ID: num
                  ASSIGN
                  Exp (16)
                    ID: read
                    LP
                    RP
                SEMI
              StmtList (17)
                Stmt (17)
                  IF
                  LP
                  Exp (17)
                    Exp (17)
                      ID: num
                    LT
                    Exp (17)
                      INT: 0
                  RP
                  Stmt (18)
                    Exp (18)
                      ID: write
                      LP
                      Args (18)
                        Exp (18)
                          MINUS
                          Exp (18)
                            INT: 1
                      RP
                    SEMI
                  ELSE
                  Stmt (20)
                    Exp (20)
                      ID: write
                      LP
                      Args (20)
                        Exp (20)
                          ID: DigitSum
                          LP
                          Args (20)
                            Exp (20)
                              ID: num
                          RP
                      RP
                    SEMI
                StmtList (21)
                  Stmt (21)
                    RETURN
                    Exp (21)
                      INT: 0
                    SEMI
            RC
Program
ExtDefList
ExtDef
FunDec
FUNCTION mod :
VarList
ParamDec
VarDec
PARAM v1
VarList
ParamDec
VarDec
PARAM v2
ComSt
DefList
StmtList
Stmt
Exp
Exp
t2 := v1
Exp
Exp
Exp
Exp
t6 := v1
Exp
t7 := v2
t4 := t6 / t7
Exp
t5 := v2
t3 := t4 * t5
t1 := t2 - t3
RETURN t1
StmtList
ExtDefList
ExtDef
FunDec
FUNCTION DigitSum :
VarList
ParamDec
VarDec
PARAM v3
ComSt
DefList
StmtList
Stmt
cond_Exp
3
Exp
t8 := v3
Exp
const
INT
0
t9 := #0
IF t8 == t9 GOTO label1
GOTO label2
LABEL label1 :
Stmt
Exp
const
INT
0
t10 := #0
RETURN t10
LABEL label2 :
StmtList
Stmt
Exp
Exp
Args
Exp
t14 := v3
Args
Exp
const
INT
0
t15 := #10
Args
