Error type 7 at Line 11: unmantching operands,such as adding an integer to a structure variable
