FunDec
VarDec
RETURN STMT
FunDec
VarDec
RETURN STMT
FunDec
Dec newvar
