Error type 3 at Line 12: variable is redefined.
Error type 15 at Line 11: the structure should not be redefined.
